// 重构日志: e348d1c3
// 重构日志: 2836c692
// 重构日志: 2f7d43b0
// 重构日志: fcad11d7
// 重构日志: 1fec33c3
// 同步 ID: 1951275e @ Fri Jul 17 07:19:58 UTC 2026
// 同步 ID: d141dfbb @ Fri Jul 17 12:04:21 UTC 2026
// 重构日志: de9d473f
// 重构日志: a9850a3d
// 同步 ID: 91cbd49d @ Sat Jul 18 19:09:54 UTC 2026
// 重构日志: 161e50c5
// 重构日志: 9357bc86
// 重构日志: bed93ad5
// 同步 ID: 0b209722 @ Tue Jul 28 13:55:01 UTC 2026
// 重构日志: c225ee2a
// 重构日志: 05ff74c4
// 重构日志: b004bd73
// 重构日志: 2582d25a
// 重构日志: 0e519830
// 重构日志: 30568487
// 重构日志: a4ed5e13
// 重构日志: 1bc2e190
// 重构日志: b6b60f21
// 重构日志: c15ea83c
// 重构日志: 9c1ffb8f
// 重构日志: 1b01c745
// 重构日志: 9fabcfc7
// 同步 ID: b7fe29fb @ Tue Aug  4 17:51:04 UTC 2026
// 重构日志: 00470c0e
// 同步 ID: c399bd15 @ Thu Aug  6 03:47:51 UTC 2026
// 重构日志: b602c570
// 重构日志: 33d75834
